[    1161ms] [INFO] %cDownload the React DevTools for a better development experience: https://react.dev/link/react-devtools font-weight:bold @ http://localhost:3000/_next/static/chunks/node_modules_next_dist_115brz8._.js:2431
[    1222ms] [LOG] [HMR] connected @ http://localhost:3000/_next/static/chunks/node_modules_next_dist_115brz8._.js:2431
[   24899ms] [ERROR] WebSocket connection to 'ws://localhost:3000/_next/webpack-hmr?id=v7SKkdM8JfVcySojZYZUt' failed: Error in connection establishment: net::ERR_CONNECTION_REFUSED @ http://localhost:3000/_next/static/chunks/node_modules_next_dist_client_0fhqo1d._.js:13299
[   25901ms] [ERROR] WebSocket connection to 'ws://localhost:3000/_next/webpack-hmr?id=v7SKkdM8JfVcySojZYZUt' failed: Error in connection establishment: net::ERR_CONNECTION_REFUSED @ http://localhost:3000/_next/static/chunks/node_modules_next_dist_client_0fhqo1d._.js:13299
[   26903ms] [ERROR] WebSocket connection to 'ws://localhost:3000/_next/webpack-hmr?id=v7SKkdM8JfVcySojZYZUt' failed: Error in connection establishment: net::ERR_CONNECTION_REFUSED @ http://localhost:3000/_next/static/chunks/node_modules_next_dist_client_0fhqo1d._.js:13299
[   27905ms] [ERROR] WebSocket connection to 'ws://localhost:3000/_next/webpack-hmr?id=v7SKkdM8JfVcySojZYZUt' failed: Error in connection establishment: net::ERR_CONNECTION_REFUSED @ http://localhost:3000/_next/static/chunks/node_modules_next_dist_client_0fhqo1d._.js:13299
[   28911ms] [ERROR] WebSocket connection to 'ws://localhost:3000/_next/webpack-hmr?id=v7SKkdM8JfVcySojZYZUt' failed: Error in connection establishment: net::ERR_CONNECTION_REFUSED @ http://localhost:3000/_next/static/chunks/node_modules_next_dist_client_0fhqo1d._.js:13299
[   33913ms] [ERROR] WebSocket connection to 'ws://localhost:3000/_next/webpack-hmr?id=v7SKkdM8JfVcySojZYZUt' failed: Error in connection establishment: net::ERR_CONNECTION_REFUSED @ http://localhost:3000/_next/static/chunks/node_modules_next_dist_client_0fhqo1d._.js:13299
[   38916ms] [ERROR] WebSocket connection to 'ws://localhost:3000/_next/webpack-hmr?id=v7SKkdM8JfVcySojZYZUt' failed: Error in connection establishment: net::ERR_CONNECTION_REFUSED @ http://localhost:3000/_next/static/chunks/node_modules_next_dist_client_0fhqo1d._.js:13299
[   43918ms] [ERROR] WebSocket connection to 'ws://localhost:3000/_next/webpack-hmr?id=v7SKkdM8JfVcySojZYZUt' failed: Error in connection establishment: net::ERR_CONNECTION_REFUSED @ http://localhost:3000/_next/static/chunks/node_modules_next_dist_client_0fhqo1d._.js:13299
[   48921ms] [ERROR] WebSocket connection to 'ws://localhost:3000/_next/webpack-hmr?id=v7SKkdM8JfVcySojZYZUt' failed: Error in connection establishment: net::ERR_CONNECTION_REFUSED @ http://localhost:3000/_next/static/chunks/node_modules_next_dist_client_0fhqo1d._.js:13299
[   53922ms] [ERROR] WebSocket connection to 'ws://localhost:3000/_next/webpack-hmr?id=v7SKkdM8JfVcySojZYZUt' failed: Error in connection establishment: net::ERR_CONNECTION_REFUSED @ http://localhost:3000/_next/static/chunks/node_modules_next_dist_client_0fhqo1d._.js:13299
[   58930ms] [ERROR] WebSocket connection to 'ws://localhost:3000/_next/webpack-hmr?id=v7SKkdM8JfVcySojZYZUt' failed: Error in connection establishment: net::ERR_CONNECTION_REFUSED @ http://localhost:3000/_next/static/chunks/node_modules_next_dist_client_0fhqo1d._.js:13299
[   58980ms] [ERROR] Failed to load resource: net::ERR_CONNECTION_REFUSED @ http://localhost:3000/_next/image?url=https%3A%2F%2Flh3.googleusercontent.com%2Faida-public%2FAB6AXuBkw-TrvS0JWahNeSAf6KTALx0u6Rrbegt31EcXVvHFPieRtl6V4vkxzCrPVPfr-uJdef8bDhsPQAAsmrOKPN9nEp--h-3RKSZMaaeTWeFJzHXxc4DPvu-TlMqNBuiRiokaMn9oaDpjZZzrHR6WPPDcbtqdvXYHqBg-F3i1A7EDk3LIaTBVWdOZbuJBOzyVc0R1lTwiIAbcshvds1h4fCvFvUkca_rU4umBUWHDPVZE5EiQiAmBGQ5ugcAhWYgdja275XacPDgfxQwp&w=640&q=75:0
[   58980ms] [ERROR] Failed to load resource: net::ERR_CONNECTION_REFUSED @ http://localhost:3000/_next/image?url=https%3A%2F%2Flh3.googleusercontent.com%2Faida-public%2FAB6AXuCJobfkEYOAXGvJu_F0oRnLZJYZqLgRyDtVQraRwbpXsYOD5-tqPyPvIJk2mWwD4xlXvXdkoo8is-cGJwMsh3yrolNyZzeaHMbCUG5xWbTgcoYDvJTWZef4SCZ7UsrIKqYOtIlpZmYrrkNUhs4cfvCMOL7A-8oS_1VVJFuK_oY0FEo2E1p-1BvGOxF_j6DVYSRIMefSEWYhAjNOm0xvaarbJVsFa1-IzSBLv6VCSX5FYjc3xVWr-ciGCsNDiyU1_brubeMTUevO81il&w=640&q=75:0
[   58980ms] [ERROR] Failed to load resource: net::ERR_CONNECTION_REFUSED @ http://localhost:3000/_next/image?url=https%3A%2F%2Flh3.googleusercontent.com%2Faida-public%2FAB6AXuCLmxLbLp9No_ehZTLqY_5nrYVKNIbcsUFHvN1FUo4YsJpn4BuuGJVhtps750yfqY0ciORlKhhjKeysB7j1foXXHbxTcx_PeW_5m9u1ySIFMK6p2ojBfOuA_MafNjfnBvrxt6EnTjL2Ye8cvhRyGcR2A63G11F2mFesiN8VJBVmtoJBbO6frIhbmgoYzVauyaM_E2Ao0ddeJNjoHKJo_dp0Jz9bLx-MQ6v4Fq5IkxCZytnAhLyEpl6qbVWn4PDbqzyWrKsz-Vd9c_wB&w=640&q=75:0
[   58981ms] [ERROR] Failed to load resource: net::ERR_CONNECTION_REFUSED @ http://localhost:3000/_next/image?url=https%3A%2F%2Flh3.googleusercontent.com%2Faida-public%2FAB6AXuAn4NNneXeR47MVW6PYI_VVfrTIRc_zR52zyEoO7o-N5KG1K-1-dADaAwpuQepsbr31DuwHTETK-I_sComrcw3U-HPGSaH1_waCYeKnBD9YzvVH3uqI0WjXh4jDAWGGWnxysrpJvdgg96a3B7QggLy9-MvRJMIRvy1BFXseWdOHm_e-w5lptHzoL_wqECmJiAfew5JU4IXbUSeTg5bdzg4ikqDTxU3CxDuwlm0d1Iom-PqGJDcEOhmIkpJoFGUrTnzUR8qPSf4nnPHX&w=640&q=75:0
[   60418ms] [ERROR] Failed to load resource: net::ERR_CONNECTION_REFUSED @ http://localhost:3000/_next/image?url=https%3A%2F%2Flh3.googleusercontent.com%2Faida-public%2FAB6AXuDtt0oAPt9XMzwKJnSHhK7PcgWbJfRDVqVk6mjPhH2rCG8YpEX5SxQZC2R2T9bT-9mHvJWNQyynnK1QHcLJte8qLPLK2KbdMzQ11gzUG4IMy6eq0KGl_CbjVXUL6X3W7Vts1TseBCB6Co3h4Nf0pcKM0FNJX4RO6JOxQVCkqjunkrHRZCEwn44IYcIgtSk0KLeM8AJZEINdMWVxoRfVwTR_4XlnUvI7uoHZp5IJlMR7mR9byLrRP4_uZhkpYNZnW1JIqzgeg1M1MdlM&w=640&q=75:0
[   60418ms] [ERROR] Failed to load resource: net::ERR_CONNECTION_REFUSED @ http://localhost:3000/_next/image?url=https%3A%2F%2Flh3.googleusercontent.com%2Faida-public%2FAB6AXuAeDwT8WT54Ej4puGch3RH38le1A7QZqNXe2UEHzVendx3EpQxBDW1q35Qepftc_SXwGdx9hT-jPNNBZMpyr_LFwCnb1g2AJckK7bsd1esGEU3RDpDJEycIL3dJsDW4iFvDeZomGQ9OBkG5Wnifbax-UnHnkgfea7lXl_C0tCIuX6ZQxwb0CpiRCBDfpxRPw8XcJBe1WG8pr0jplWz1bNOKgkIODiro7FbuZxyGK-SfY3E6ENOb2OzVUYtuXoXY1Gk55OrvTEpw9NPQ&w=640&q=75:0
[   60418ms] [ERROR] Failed to load resource: net::ERR_CONNECTION_REFUSED @ http://localhost:3000/_next/image?url=https%3A%2F%2Flh3.googleusercontent.com%2Faida-public%2FAB6AXuAOG1GqkAafE8BPlrfHvv_BNKHOGgQCF45XIqo08tfmbX3XEv43HnGBVNOYzbHin8voUJMmbAzNAVSXB5Yyw0QJ9ooQBR28QnH-l6PpoNCCVnP1E4wG4a6OhBUhiF9UaEdON6PZpFXxOsM5vno4-_VkJ5mimmWf6QLtRaYMK210umzVOVXyu1P6k1m5uG8sZHuRqc_7FZlmMv1eOp7YjlRA-miXbRIXJAGmxWub8X3OJy-8_JX0cvDXdlZavvHfwXj1RokPilnI5IkG&w=640&q=75:0
[   74659ms] [INFO] %cDownload the React DevTools for a better development experience: https://react.dev/link/react-devtools font-weight:bold @ http://localhost:3000/_next/static/chunks/node_modules_next_dist_115brz8._.js:2431
[   74694ms] [LOG] [HMR] connected @ http://localhost:3000/_next/static/chunks/node_modules_next_dist_115brz8._.js:2431
[  251416ms] [LOG] [Fast Refresh] rebuilding @ http://localhost:3000/_next/static/chunks/node_modules_next_dist_115brz8._.js:2431
[  251453ms] [LOG] [Fast Refresh] done in 137ms @ http://localhost:3000/_next/static/chunks/node_modules_next_dist_115brz8._.js:2431
[  269504ms] [LOG] [Fast Refresh] rebuilding @ http://localhost:3000/_next/static/chunks/node_modules_next_dist_115brz8._.js:2431
[  269561ms] [LOG] [Fast Refresh] done in 134ms @ http://localhost:3000/_next/static/chunks/node_modules_next_dist_115brz8._.js:2431
[  277030ms] [LOG] [Fast Refresh] rebuilding @ http://localhost:3000/_next/static/chunks/node_modules_next_dist_115brz8._.js:2431
[  277399ms] [LOG] [Fast Refresh] done in 164ms @ http://localhost:3000/_next/static/chunks/node_modules_next_dist_115brz8._.js:2431
[  277519ms] [LOG] [Fast Refresh] rebuilding @ http://localhost:3000/_next/static/chunks/node_modules_next_dist_115brz8._.js:2431
[  277571ms] [LOG] [Fast Refresh] done in 152ms @ http://localhost:3000/_next/static/chunks/node_modules_next_dist_115brz8._.js:2431
[  278049ms] ReferenceError: ChevronLeft is not defined
    at VisualDiarySection (about://React/Server/file:///home/hoanle0126/FreelanceProject/TouristWeb/frontend/.next/dev/server/chunks/ssr/%5Broot-of-the-server%5D__0lh90aa._.js?369:892:295)
    at resolveErrorDev (http://localhost:3000/_next/static/chunks/node_modules_next_dist_compiled_react-server-dom-turbopack_0p3wegg._.js:1919:150)
    at processFullStringRow (http://localhost:3000/_next/static/chunks/node_modules_next_dist_compiled_react-server-dom-turbopack_0p3wegg._.js:2434:29)
    at processFullBinaryRow (http://localhost:3000/_next/static/chunks/node_modules_next_dist_compiled_react-server-dom-turbopack_0p3wegg._.js:2393:9)
    at processBinaryChunk (http://localhost:3000/_next/static/chunks/node_modules_next_dist_compiled_react-server-dom-turbopack_0p3wegg._.js:2502:221)
    at progress (http://localhost:3000/_next/static/chunks/node_modules_next_dist_compiled_react-server-dom-turbopack_0p3wegg._.js:2689:13)
[  278218ms] [LOG] [Fast Refresh] rebuilding @ http://localhost:3000/_next/static/chunks/node_modules_next_dist_115brz8._.js:2431
[  278230ms] [LOG] [Fast Refresh] done in 111ms @ http://localhost:3000/_next/static/chunks/node_modules_next_dist_115brz8._.js:2431
[  281072ms] [LOG] [Fast Refresh] rebuilding @ http://localhost:3000/_next/static/chunks/node_modules_next_dist_115brz8._.js:2431
[  281200ms] [LOG] [Fast Refresh] done in 55ms @ http://localhost:3000/_next/static/chunks/node_modules_next_dist_115brz8._.js:2431
[  281749ms] [ERROR] Failed to load resource: the server responded with a status of 500 (Internal Server Error) @ http://localhost:3000/:0
[  281879ms] [INFO] %cDownload the React DevTools for a better development experience: https://react.dev/link/react-devtools font-weight:bold @ http://localhost:3000/_next/static/chunks/node_modules_next_dist_115brz8._.js:2431
[  281929ms] [LOG] [HMR] connected @ http://localhost:3000/_next/static/chunks/node_modules_next_dist_115brz8._.js:2431
[  282034ms] ReferenceError: ChevronLeft is not defined
    at VisualDiarySection (about://React/Server/file:///home/hoanle0126/FreelanceProject/TouristWeb/frontend/.next/dev/server/chunks/ssr/%255Broot-of-the-server%255D__0lh90aa._.js?id=%255Bproject%255D%252Fsrc%252Fcomponents%252Ftravel%252FTravelLandingPage.tsx+%255Bapp-rsc%255D+%2528ecmascript%2529?0:456:295)
    at resolveErrorDev (http://localhost:3000/_next/static/chunks/node_modules_next_dist_compiled_react-server-dom-turbopack_0p3wegg._.js:1919:105)
    at processFullStringRow (http://localhost:3000/_next/static/chunks/node_modules_next_dist_compiled_react-server-dom-turbopack_0p3wegg._.js:2434:29)
    at processFullBinaryRow (http://localhost:3000/_next/static/chunks/node_modules_next_dist_compiled_react-server-dom-turbopack_0p3wegg._.js:2393:9)
    at processBinaryChunk (http://localhost:3000/_next/static/chunks/node_modules_next_dist_compiled_react-server-dom-turbopack_0p3wegg._.js:2502:221)
    at progress (http://localhost:3000/_next/static/chunks/node_modules_next_dist_compiled_react-server-dom-turbopack_0p3wegg._.js:2689:13)
[  288337ms] [LOG] [Fast Refresh] rebuilding @ http://localhost:3000/_next/static/chunks/node_modules_next_dist_115brz8._.js:2431
[  288927ms] [LOG] [Fast Refresh] done in 432ms @ http://localhost:3000/_next/static/chunks/node_modules_next_dist_115brz8._.js:2431
[  289560ms] [WARNING] [Fast Refresh] performing full reload because your application had an unrecoverable error @ http://localhost:3000/_next/static/chunks/node_modules_next_dist_115brz8._.js:2431
[  289717ms] [INFO] %cDownload the React DevTools for a better development experience: https://react.dev/link/react-devtools font-weight:bold @ http://localhost:3000/_next/static/chunks/node_modules_next_dist_115brz8._.js:2431
[  289765ms] [LOG] [HMR] connected @ http://localhost:3000/_next/static/chunks/node_modules_next_dist_115brz8._.js:2431
[  317343ms] [LOG] [Fast Refresh] rebuilding @ http://localhost:3000/_next/static/chunks/node_modules_next_dist_115brz8._.js:2431
[  317503ms] [LOG] [Fast Refresh] done in 73ms @ http://localhost:3000/_next/static/chunks/node_modules_next_dist_115brz8._.js:2431
